2026-10-07T02:29:32.059+03:00  INFO 4512 --- [clinicapp] [main] c.n.clinicapp.ClinicappApplication       : Starting ClinicappApplication using Java 21.0.5 with PID 4512 (D:\CoursesProjects\Spring Boot Internship Netpoint 2026\clinicapp\clinicapp\target\classes started by ADMIN in D:\CoursesProjects\Spring Boot Internship Netpoint 2026\clinicapp\clinicapp)
2026-10-07T02:29:32.064+03:00  INFO 4512 --- [clinicapp] [main] c.n.clinicapp.ClinicappApplication       : No active profile set, falling back to 1 default profile: "default"
2026-10-07T02:29:32.560+03:00  INFO 4512 --- [clinicapp] [main] .s.d.r.c.RepositoryConfigurationDelegate : Bootstrapping Spring Data JPA repositories in DEFAULT mode.
2026-10-07T02:29:32.619+03:00  INFO 4512 --- [clinicapp] [main] .s.d.r.c.RepositoryConfigurationDelegate : Finished Spring Data repository scanning in 50 ms. Found 8 JPA repository interfaces.
2026-10-07T02:29:32.999+03:00  INFO 4512 --- [clinicapp] [main] o.s.boot.tomcat.TomcatWebServer          : Tomcat initialized with port 8081 (http)
2026-10-07T02:29:33.012+03:00  INFO 4512 --- [clinicapp] [main] o.apache.catalina.core.StandardService   : Starting service [Tomcat]
2026-10-07T02:29:33.012+03:00  INFO 4512 --- [clinicapp] [main] o.apache.catalina.core.StandardEngine    : Starting Servlet engine: [Apache Tomcat/11.0.22]
2026-10-07T02:29:33.051+03:00  INFO 4512 --- [clinicapp] [main] b.w.c.s.WebApplicationContextInitializer : Root WebApplicationContext: initialization completed in 953 ms
2026-10-07T02:29:33.058+03:00  INFO 4512 --- [clinicapp] [main] f.a.AutowiredAnnotationBeanPostProcessor : Autowired annotation is not supported on static fields: static com.netpoint.clinicapp.model.MyUserDetailsService com.netpoint.clinicapp.filters.JWTFilter.myUserDetailsService
2026-10-07T02:29:33.186+03:00  INFO 4512 --- [clinicapp] [main] org.hibernate.orm.jpa                    : HHH008540: Processing PersistenceUnitInfo [name: default]
2026-10-07T02:29:33.245+03:00  INFO 4512 --- [clinicapp] [main] org.hibernate.orm.core                   : HHH000001: Hibernate ORM core version 7.4.1.Final
2026-10-07T02:29:33.571+03:00  INFO 4512 --- [clinicapp] [main] o.s.o.j.p.SpringPersistenceUnitInfo      : No LoadTimeWeaver setup: ignoring JPA class transformer
2026-10-07T02:29:33.598+03:00  INFO 4512 --- [clinicapp] [main] com.zaxxer.hikari.HikariDataSource       : HikariPool-1 - Starting...
2026-10-07T02:29:33.731+03:00  INFO 4512 --- [clinicapp] [main] com.zaxxer.hikari.pool.HikariPool        : HikariPool-1 - Added connection org.postgresql.jdbc.PgConnection@197d5a87
2026-10-07T02:29:33.733+03:00  INFO 4512 --- [clinicapp] [main] com.zaxxer.hikari.HikariDataSource       : HikariPool-1 - Start completed.
2026-10-07T02:29:33.801+03:00  INFO 4512 --- [clinicapp] [main] org.hibernate.orm.connections.pooling    : HHH10001005: Database info:
	Database JDBC URL [jdbc:postgresql://localhost:5432/ClinicApp]
	Database driver: PostgreSQL JDBC Driver
	Database dialect: PostgreSQLDialect
	Database version: 16.14
	Default catalog/schema: ClinicApp/public
	Autocommit mode: undefined/unknown
	Isolation level: READ_COMMITTED [default READ_COMMITTED]
	JDBC fetch size: none
	Pool: DataSourceConnectionProvider
	Minimum pool size: undefined/unknown
	Maximum pool size: undefined/unknown
2026-10-07T02:29:34.754+03:00  INFO 4512 --- [clinicapp] [main] org.hibernate.orm.core                   : HHH000489: No JTA platform available (set 'hibernate.transaction.jta.platform' to enable JTA platform integration)
2026-10-07T02:29:34.836+03:00  INFO 4512 --- [clinicapp] [main] j.LocalContainerEntityManagerFactoryBean : Initialized JPA EntityManagerFactory for persistence unit 'default'
2026-10-07T02:29:34.889+03:00  INFO 4512 --- [clinicapp] [main] o.s.d.j.r.query.QueryEnhancerFactories   : Hibernate is in classpath; If applicable, HQL parser will be used.
2026-10-07T02:29:35.039+03:00  INFO 4512 --- [clinicapp] [main] eAuthenticationProviderManagerConfigurer : Global AuthenticationManager configured with AuthenticationProvider bean with name authenticateProvider
2026-10-07T02:29:35.039+03:00  WARN 4512 --- [clinicapp] [main] r$InitializeUserDetailsManagerConfigurer : Global AuthenticationManager configured with an AuthenticationProvider bean. UserDetailsService beans will not be used by Spring Security for automatically configuring username/password login. Consider removing the AuthenticationProvider bean. Alternatively, consider using the UserDetailsService in a manually instantiated DaoAuthenticationProvider. If the current configuration is intentional, to turn off this warning, increase the logging level of 'org.springframework.security.config.annotation.authentication.configuration.InitializeUserDetailsBeanManagerConfigurer' to ERROR
2026-10-07T02:29:35.708+03:00  WARN 4512 --- [clinicapp] [main] JpaBaseConfiguration$JpaWebConfiguration : spring.jpa.open-in-view is enabled by default. Therefore, database queries may be performed during view rendering. Explicitly configure spring.jpa.open-in-view to disable this warning
2026-10-07T02:29:36.219+03:00  INFO 4512 --- [clinicapp] [main] o.s.boot.tomcat.TomcatWebServer          : Tomcat started on port 8081 (http) with context path '/'
2026-10-07T02:29:36.223+03:00  INFO 4512 --- [clinicapp] [main] c.n.clinicapp.ClinicappApplication       : Started ClinicappApplication in 4.583 seconds (process running for 5.048)
2026-10-07T02:31:21.436+03:00  INFO 4512 --- [clinicapp] [http-nio-8081-exec-1] o.a.c.c.C.[Tomcat].[localhost].[/]       : Initializing Spring DispatcherServlet 'dispatcherServlet'
2026-10-07T02:31:21.436+03:00  INFO 4512 --- [clinicapp] [http-nio-8081-exec-1] o.s.web.servlet.DispatcherServlet        : Initializing Servlet 'dispatcherServlet'
2026-10-07T02:31:21.437+03:00  INFO 4512 --- [clinicapp] [http-nio-8081-exec-1] o.s.web.servlet.DispatcherServlet        : Completed initialization in 1 ms
2026-10-07T02:31:22.012+03:00  WARN 4512 --- [clinicapp] [http-nio-8081-exec-1] o.s.s.c.bcrypt.BCryptPasswordEncoder     : Encoded password does not look like BCrypt
2026-10-07T02:33:05.864+03:00  INFO 4512 --- [clinicapp] [SpringApplicationShutdownHook] o.s.boot.tomcat.GracefulShutdown         : Commencing graceful shutdown. Waiting for active requests to complete
2026-10-07T02:33:05.872+03:00  INFO 4512 --- [clinicapp] [tomcat-shutdown] o.s.boot.tomcat.GracefulShutdown         : Graceful shutdown complete
2026-10-07T02:33:05.876+03:00  INFO 4512 --- [clinicapp] [SpringApplicationShutdownHook] j.LocalContainerEntityManagerFactoryBean : Closing JPA EntityManagerFactory for persistence unit 'default'
2026-10-07T02:33:05.878+03:00  INFO 4512 --- [clinicapp] [SpringApplicationShutdownHook] com.zaxxer.hikari.HikariDataSource       : HikariPool-1 - Shutdown initiated...
2026-10-07T02:33:05.880+03:00  INFO 4512 --- [clinicapp] [SpringApplicationShutdownHook] com.zaxxer.hikari.HikariDataSource       : HikariPool-1 - Shutdown completed.
2026-10-07T02:33:09.002+03:00  INFO 5460 --- [clinicapp] [main] c.n.clinicapp.ClinicappApplication       : Starting ClinicappApplication using Java 21.0.5 with PID 5460 (D:\CoursesProjects\Spring Boot Internship Netpoint 2026\clinicapp\clinicapp\target\classes started by ADMIN in D:\CoursesProjects\Spring Boot Internship Netpoint 2026\clinicapp\clinicapp)
2026-10-07T02:33:09.005+03:00  INFO 5460 --- [clinicapp] [main] c.n.clinicapp.ClinicappApplication       : No active profile set, falling back to 1 default profile: "default"
2026-10-07T02:33:09.556+03:00  INFO 5460 --- [clinicapp] [main] .s.d.r.c.RepositoryConfigurationDelegate : Bootstrapping Spring Data JPA repositories in DEFAULT mode.
2026-10-07T02:33:09.614+03:00  INFO 5460 --- [clinicapp] [main] .s.d.r.c.RepositoryConfigurationDelegate : Finished Spring Data repository scanning in 51 ms. Found 8 JPA repository interfaces.
2026-10-07T02:33:09.960+03:00  INFO 5460 --- [clinicapp] [main] o.s.boot.tomcat.TomcatWebServer          : Tomcat initialized with port 8081 (http)
2026-10-07T02:33:09.972+03:00  INFO 5460 --- [clinicapp] [main] o.apache.catalina.core.StandardService   : Starting service [Tomcat]
2026-10-07T02:33:09.972+03:00  INFO 5460 --- [clinicapp] [main] o.apache.catalina.core.StandardEngine    : Starting Servlet engine: [Apache Tomcat/11.0.22]
2026-10-07T02:33:10.016+03:00  INFO 5460 --- [clinicapp] [main] b.w.c.s.WebApplicationContextInitializer : Root WebApplicationContext: initialization completed in 969 ms
2026-10-07T02:33:10.025+03:00  INFO 5460 --- [clinicapp] [main] f.a.AutowiredAnnotationBeanPostProcessor : Autowired annotation is not supported on static fields: static com.netpoint.clinicapp.model.MyUserDetailsService com.netpoint.clinicapp.filters.JWTFilter.myUserDetailsService
2026-10-07T02:33:10.134+03:00  INFO 5460 --- [clinicapp] [main] org.hibernate.orm.jpa                    : HHH008540: Processing PersistenceUnitInfo [name: default]
2026-10-07T02:33:10.171+03:00  INFO 5460 --- [clinicapp] [main] org.hibernate.orm.core                   : HHH000001: Hibernate ORM core version 7.4.1.Final
2026-10-07T02:33:10.445+03:00  INFO 5460 --- [clinicapp] [main] o.s.o.j.p.SpringPersistenceUnitInfo      : No LoadTimeWeaver setup: ignoring JPA class transformer
2026-10-07T02:33:10.468+03:00  INFO 5460 --- [clinicapp] [main] com.zaxxer.hikari.HikariDataSource       : HikariPool-1 - Starting...
2026-10-07T02:33:10.589+03:00  INFO 5460 --- [clinicapp] [main] com.zaxxer.hikari.pool.HikariPool        : HikariPool-1 - Added connection org.postgresql.jdbc.PgConnection@5af40e45
2026-10-07T02:33:10.591+03:00  INFO 5460 --- [clinicapp] [main] com.zaxxer.hikari.HikariDataSource       : HikariPool-1 - Start completed.
2026-10-07T02:33:10.657+03:00  INFO 5460 --- [clinicapp] [main] org.hibernate.orm.connections.pooling    : HHH10001005: Database info:
	Database JDBC URL [jdbc:postgresql://localhost:5432/ClinicApp]
	Database driver: PostgreSQL JDBC Driver
	Database dialect: PostgreSQLDialect
	Database version: 16.14
	Default catalog/schema: ClinicApp/public
	Autocommit mode: undefined/unknown
	Isolation level: READ_COMMITTED [default READ_COMMITTED]
	JDBC fetch size: none
	Pool: DataSourceConnectionProvider
	Minimum pool size: undefined/unknown
	Maximum pool size: undefined/unknown
2026-10-07T02:33:11.626+03:00  INFO 5460 --- [clinicapp] [main] org.hibernate.orm.core                   : HHH000489: No JTA platform available (set 'hibernate.transaction.jta.platform' to enable JTA platform integration)
2026-10-07T02:33:11.681+03:00  INFO 5460 --- [clinicapp] [main] j.LocalContainerEntityManagerFactoryBean : Initialized JPA EntityManagerFactory for persistence unit 'default'
2026-10-07T02:33:11.728+03:00  INFO 5460 --- [clinicapp] [main] o.s.d.j.r.query.QueryEnhancerFactories   : Hibernate is in classpath; If applicable, HQL parser will be used.
2026-10-07T02:33:11.864+03:00  INFO 5460 --- [clinicapp] [main] eAuthenticationProviderManagerConfigurer : Global AuthenticationManager configured with AuthenticationProvider bean with name authenticateProvider
2026-10-07T02:33:11.864+03:00  WARN 5460 --- [clinicapp] [main] r$InitializeUserDetailsManagerConfigurer : Global AuthenticationManager configured with an AuthenticationProvider bean. UserDetailsService beans will not be used by Spring Security for automatically configuring username/password login. Consider removing the AuthenticationProvider bean. Alternatively, consider using the UserDetailsService in a manually instantiated DaoAuthenticationProvider. If the current configuration is intentional, to turn off this warning, increase the logging level of 'org.springframework.security.config.annotation.authentication.configuration.InitializeUserDetailsBeanManagerConfigurer' to ERROR
2026-10-07T02:33:12.534+03:00  WARN 5460 --- [clinicapp] [main] JpaBaseConfiguration$JpaWebConfiguration : spring.jpa.open-in-view is enabled by default. Therefore, database queries may be performed during view rendering. Explicitly configure spring.jpa.open-in-view to disable this warning
2026-10-07T02:33:12.894+03:00  INFO 5460 --- [clinicapp] [main] o.s.boot.tomcat.TomcatWebServer          : Tomcat started on port 8081 (http) with context path '/'
2026-10-07T02:33:12.897+03:00  INFO 5460 --- [clinicapp] [main] c.n.clinicapp.ClinicappApplication       : Started ClinicappApplication in 4.405 seconds (process running for 4.822)
2026-10-07T02:33:15.134+03:00  INFO 5460 --- [clinicapp] [http-nio-8081-exec-1] o.a.c.c.C.[Tomcat].[localhost].[/]       : Initializing Spring DispatcherServlet 'dispatcherServlet'
2026-10-07T02:33:15.135+03:00  INFO 5460 --- [clinicapp] [http-nio-8081-exec-1] o.s.web.servlet.DispatcherServlet        : Initializing Servlet 'dispatcherServlet'
2026-10-07T02:33:15.136+03:00  INFO 5460 --- [clinicapp] [http-nio-8081-exec-1] o.s.web.servlet.DispatcherServlet        : Completed initialization in 1 ms
2026-10-07T02:33:15.702+03:00  WARN 5460 --- [clinicapp] [http-nio-8081-exec-1] o.s.s.c.bcrypt.BCryptPasswordEncoder     : Encoded password does not look like BCrypt
2026-10-07T02:35:45.843+03:00  INFO 5460 --- [clinicapp] [SpringApplicationShutdownHook] o.s.boot.tomcat.GracefulShutdown         : Commencing graceful shutdown. Waiting for active requests to complete
2026-10-07T02:35:45.849+03:00  INFO 5460 --- [clinicapp] [tomcat-shutdown] o.s.boot.tomcat.GracefulShutdown         : Graceful shutdown complete
2026-10-07T02:35:45.851+03:00  INFO 5460 --- [clinicapp] [SpringApplicationShutdownHook] j.LocalContainerEntityManagerFactoryBean : Closing JPA EntityManagerFactory for persistence unit 'default'
2026-10-07T02:35:45.853+03:00  INFO 5460 --- [clinicapp] [SpringApplicationShutdownHook] com.zaxxer.hikari.HikariDataSource       : HikariPool-1 - Shutdown initiated...
2026-10-07T02:35:45.855+03:00  INFO 5460 --- [clinicapp] [SpringApplicationShutdownHook] com.zaxxer.hikari.HikariDataSource       : HikariPool-1 - Shutdown completed.
2026-10-07T03:12:10.928+03:00  INFO 5592 --- [clinicapp] [main] c.n.clinicapp.ClinicappApplication       : Starting ClinicappApplication using Java 21.0.5 with PID 5592 (D:\CoursesProjects\Spring Boot Internship Netpoint 2026\clinicapp\clinicapp\target\classes started by ADMIN in D:\CoursesProjects\Spring Boot Internship Netpoint 2026\clinicapp\clinicapp)
2026-10-07T03:12:10.931+03:00  INFO 5592 --- [clinicapp] [main] c.n.clinicapp.ClinicappApplication       : No active profile set, falling back to 1 default profile: "default"
2026-10-07T03:12:11.404+03:00  INFO 5592 --- [clinicapp] [main] .s.d.r.c.RepositoryConfigurationDelegate : Bootstrapping Spring Data JPA repositories in DEFAULT mode.
2026-10-07T03:12:11.468+03:00  INFO 5592 --- [clinicapp] [main] .s.d.r.c.RepositoryConfigurationDelegate : Finished Spring Data repository scanning in 49 ms. Found 8 JPA repository interfaces.
2026-10-07T03:12:11.807+03:00  INFO 5592 --- [clinicapp] [main] o.s.boot.tomcat.TomcatWebServer          : Tomcat initialized with port 8081 (http)
2026-10-07T03:12:11.819+03:00  INFO 5592 --- [clinicapp] [main] o.apache.catalina.core.StandardService   : Starting service [Tomcat]
2026-10-07T03:12:11.819+03:00  INFO 5592 --- [clinicapp] [main] o.apache.catalina.core.StandardEngine    : Starting Servlet engine: [Apache Tomcat/11.0.22]
2026-10-07T03:12:11.855+03:00  INFO 5592 --- [clinicapp] [main] b.w.c.s.WebApplicationContextInitializer : Root WebApplicationContext: initialization completed in 892 ms
2026-10-07T03:12:11.963+03:00  INFO 5592 --- [clinicapp] [main] org.hibernate.orm.jpa                    : HHH008540: Processing PersistenceUnitInfo [name: default]
2026-10-07T03:12:12.017+03:00  INFO 5592 --- [clinicapp] [main] org.hibernate.orm.core                   : HHH000001: Hibernate ORM core version 7.4.1.Final
2026-10-07T03:12:12.342+03:00  INFO 5592 --- [clinicapp] [main] o.s.o.j.p.SpringPersistenceUnitInfo      : No LoadTimeWeaver setup: ignoring JPA class transformer
2026-10-07T03:12:12.370+03:00  INFO 5592 --- [clinicapp] [main] com.zaxxer.hikari.HikariDataSource       : HikariPool-1 - Starting...
2026-10-07T03:12:12.498+03:00  INFO 5592 --- [clinicapp] [main] com.zaxxer.hikari.pool.HikariPool        : HikariPool-1 - Added connection org.postgresql.jdbc.PgConnection@6d6f6ca9
2026-10-07T03:12:12.499+03:00  INFO 5592 --- [clinicapp] [main] com.zaxxer.hikari.HikariDataSource       : HikariPool-1 - Start completed.
2026-10-07T03:12:12.560+03:00  INFO 5592 --- [clinicapp] [main] org.hibernate.orm.connections.pooling    : HHH10001005: Database info:
	Database JDBC URL [jdbc:postgresql://localhost:5432/ClinicApp]
	Database driver: PostgreSQL JDBC Driver
	Database dialect: PostgreSQLDialect
	Database version: 16.14
	Default catalog/schema: ClinicApp/public
	Autocommit mode: undefined/unknown
	Isolation level: READ_COMMITTED [default READ_COMMITTED]
	JDBC fetch size: none
	Pool: DataSourceConnectionProvider
	Minimum pool size: undefined/unknown
	Maximum pool size: undefined/unknown
2026-10-07T03:12:13.493+03:00  INFO 5592 --- [clinicapp] [main] org.hibernate.orm.core                   : HHH000489: No JTA platform available (set 'hibernate.transaction.jta.platform' to enable JTA platform integration)
2026-10-07T03:12:13.547+03:00  INFO 5592 --- [clinicapp] [main] j.LocalContainerEntityManagerFactoryBean : Initialized JPA EntityManagerFactory for persistence unit 'default'
2026-10-07T03:12:13.589+03:00  INFO 5592 --- [clinicapp] [main] o.s.d.j.r.query.QueryEnhancerFactories   : Hibernate is in classpath; If applicable, HQL parser will be used.
2026-10-07T03:12:13.764+03:00  INFO 5592 --- [clinicapp] [main] eAuthenticationProviderManagerConfigurer : Global AuthenticationManager configured with AuthenticationProvider bean with name authenticateProvider
2026-10-07T03:12:13.764+03:00  WARN 5592 --- [clinicapp] [main] r$InitializeUserDetailsManagerConfigurer : Global AuthenticationManager configured with an AuthenticationProvider bean. UserDetailsService beans will not be used by Spring Security for automatically configuring username/password login. Consider removing the AuthenticationProvider bean. Alternatively, consider using the UserDetailsService in a manually instantiated DaoAuthenticationProvider. If the current configuration is intentional, to turn off this warning, increase the logging level of 'org.springframework.security.config.annotation.authentication.configuration.InitializeUserDetailsBeanManagerConfigurer' to ERROR
2026-10-07T03:12:14.410+03:00  WARN 5592 --- [clinicapp] [main] JpaBaseConfiguration$JpaWebConfiguration : spring.jpa.open-in-view is enabled by default. Therefore, database queries may be performed during view rendering. Explicitly configure spring.jpa.open-in-view to disable this warning
2026-10-07T03:12:14.737+03:00  INFO 5592 --- [clinicapp] [main] o.s.boot.tomcat.TomcatWebServer          : Tomcat started on port 8081 (http) with context path '/'
2026-10-07T03:12:14.740+03:00  INFO 5592 --- [clinicapp] [main] c.n.clinicapp.ClinicappApplication       : Started ClinicappApplication in 4.163 seconds (process running for 4.531)
2026-10-07T03:12:17.164+03:00  INFO 5592 --- [clinicapp] [http-nio-8081-exec-1] o.a.c.c.C.[Tomcat].[localhost].[/]       : Initializing Spring DispatcherServlet 'dispatcherServlet'
2026-10-07T03:12:17.165+03:00  INFO 5592 --- [clinicapp] [http-nio-8081-exec-1] o.s.web.servlet.DispatcherServlet        : Initializing Servlet 'dispatcherServlet'
2026-10-07T03:12:17.166+03:00  INFO 5592 --- [clinicapp] [http-nio-8081-exec-1] o.s.web.servlet.DispatcherServlet        : Completed initialization in 1 ms
2026-10-07T03:12:36.492+03:00  INFO 5592 --- [clinicapp] [SpringApplicationShutdownHook] o.s.boot.tomcat.GracefulShutdown         : Commencing graceful shutdown. Waiting for active requests to complete
2026-10-07T03:12:36.496+03:00  INFO 5592 --- [clinicapp] [tomcat-shutdown] o.s.boot.tomcat.GracefulShutdown         : Graceful shutdown complete
2026-10-07T03:12:36.499+03:00  INFO 5592 --- [clinicapp] [SpringApplicationShutdownHook] j.LocalContainerEntityManagerFactoryBean : Closing JPA EntityManagerFactory for persistence unit 'default'
2026-10-07T03:12:36.500+03:00  INFO 5592 --- [clinicapp] [SpringApplicationShutdownHook] com.zaxxer.hikari.HikariDataSource       : HikariPool-1 - Shutdown initiated...
2026-10-07T03:12:36.502+03:00  INFO 5592 --- [clinicapp] [SpringApplicationShutdownHook] com.zaxxer.hikari.HikariDataSource       : HikariPool-1 - Shutdown completed.
